[2026-04-29 00:05:16,676: INFO: main: Welcome to our custom logging data science ]
[2026-04-29 00:05:16,676: INFO: main: >>>>>> stage  Data Ingestion Stage started <<<<<<]
[2026-04-29 00:05:16,676: INFO: common: yaml files: config/config.yaml loadded successfully]
[2026-04-29 00:05:16,677: INFO: common: yaml files: params.yaml loadded successfully]
[2026-04-29 00:05:16,677: INFO: common: yaml files: schema.yaml loadded successfully]
[2026-04-29 00:05:16,677: INFO: common: created directory at: artifacts]
[2026-04-29 00:05:16,677: INFO: common: created directory at: artifacts/data_ingestion]
[2026-04-29 00:05:16,677: ERROR: main: DataIngestionConfig.__init__() got an unexpected keyword argument 'source_url']
Traceback (most recent call last):
  File "/home/vk/Desktop/Python Code/Pytorch/End_to_end_Project/DS1/DataScienceProject_ETE/main.py", line 11, in <module>
    data_ingestion.initiate_data_ingestion()
  File "/home/vk/Desktop/Python Code/Pytorch/End_to_end_Project/DS1/DataScienceProject_ETE/src/datascience/pipeline/data_ingestion_pipeline.py", line 14, in initiate_data_ingestion
    data_ingestion_config = config.get_data_ingestion_config()
                            ^^^^^^^^^^^^^^^^^^^^^^^^^^^^^^^^^^
  File "/home/vk/Desktop/Python Code/Pytorch/End_to_end_Project/DS1/DataScienceProject_ETE/src/datascience/config/configration.py", line 21, in get_data_ingestion_config
    data_ingestion_config=DataIngestionConfig(
                          ^^^^^^^^^^^^^^^^^^^^
TypeError: DataIngestionConfig.__init__() got an unexpected keyword argument 'source_url'
[2026-04-29 00:06:09,148: INFO: main: Welcome to our custom logging data science ]
[2026-04-29 00:06:09,148: INFO: main: >>>>>> stage  Data Ingestion Stage started <<<<<<]
[2026-04-29 00:06:09,149: INFO: common: yaml files: config/config.yaml loadded successfully]
[2026-04-29 00:06:09,149: INFO: common: yaml files: params.yaml loadded successfully]
[2026-04-29 00:06:09,150: INFO: common: yaml files: schema.yaml loadded successfully]
[2026-04-29 00:06:09,150: INFO: common: created directory at: artifacts]
[2026-04-29 00:06:09,150: INFO: common: created directory at: artifacts/data_ingestion]
[2026-04-29 00:06:09,888: INFO: data_ingestion: artifacts/data_ingestion/data.zip download! with following info: 
Connection: close
Content-Length: 23329
Cache-Control: max-age=300
Content-Security-Policy: default-src 'none'; style-src 'unsafe-inline'; sandbox
Content-Type: application/zip
ETag: "c69888a4ae59bc5a893392785a938ccd4937981c06ba8a9d6a21aa52b4ab5b6e"
Strict-Transport-Security: max-age=31536000
X-Content-Type-Options: nosniff
X-Frame-Options: deny
X-XSS-Protection: 1; mode=block
X-GitHub-Request-Id: D2DC:6CE75:77D0E:91E73:69F0F171
Accept-Ranges: bytes
Date: Tue, 28 Apr 2026 18:36:09 GMT
Via: 1.1 varnish
X-Served-By: cache-del-vibw2260022-DEL
X-Cache: HIT
X-Cache-Hits: 0
X-Timer: S1777401370.625137,VS0,VE246
Vary: Authorization,Accept-Encoding
Access-Control-Allow-Origin: *
Cross-Origin-Resource-Policy: cross-origin
X-Fastly-Request-ID: c6cdd98ce5d969d561bc072778304ecc25783383
Expires: Tue, 28 Apr 2026 18:41:09 GMT
Source-Age: 0

]
[2026-04-29 00:06:09,890: INFO: main: >>>>>> stage  Data Ingestion Stage completed <<<<<<

x============x]
[2026-04-29 01:24:09,205: INFO: common: yaml files: config/config.yaml loadded successfully]
[2026-04-29 01:24:09,205: INFO: common: yaml files: params.yaml loadded successfully]
[2026-04-29 01:24:09,206: INFO: common: yaml files: schema.yaml loadded successfully]
[2026-04-29 01:24:09,206: INFO: common: created directory at: artifacts]
[2026-04-29 01:24:09,207: INFO: common: created directory at: artifacts/data_validation]
[2026-04-29 01:26:14,116: INFO: common: yaml files: config/config.yaml loadded successfully]
[2026-04-29 01:26:14,117: INFO: common: yaml files: params.yaml loadded successfully]
[2026-04-29 01:26:14,118: INFO: common: yaml files: schema.yaml loadded successfully]
[2026-04-29 01:26:14,118: INFO: common: created directory at: artifacts]
[2026-04-29 01:26:14,118: INFO: common: created directory at: artifacts/data_validation]
[2026-04-29 01:27:23,589: INFO: common: yaml files: config/config.yaml loadded successfully]
[2026-04-29 01:27:23,590: INFO: common: yaml files: params.yaml loadded successfully]
[2026-04-29 01:27:23,591: INFO: common: yaml files: schema.yaml loadded successfully]
[2026-04-29 01:27:23,591: INFO: common: created directory at: artifacts]
[2026-04-29 01:27:23,592: INFO: common: created directory at: artifacts/data_validation]
[2026-04-29 01:27:42,111: INFO: common: yaml files: config/config.yaml loadded successfully]
[2026-04-29 01:27:42,112: INFO: common: yaml files: params.yaml loadded successfully]
[2026-04-29 01:27:42,113: INFO: common: yaml files: schema.yaml loadded successfully]
[2026-04-29 01:27:42,113: INFO: common: created directory at: artifacts]
[2026-04-29 01:27:42,113: INFO: common: created directory at: artifacts/data_validation]
[2026-04-29 01:54:09,937: INFO: main: Welcome to our custom logging data science ]
[2026-04-29 01:54:09,937: INFO: main: >>>>>> stage  Data Ingestion Stage started <<<<<<]
[2026-04-29 01:54:09,938: INFO: common: yaml files: config/config.yaml loadded successfully]
[2026-04-29 01:54:09,938: INFO: common: yaml files: params.yaml loadded successfully]
[2026-04-29 01:54:09,939: INFO: common: yaml files: schema.yaml loadded successfully]
[2026-04-29 01:54:09,939: INFO: common: created directory at: artifacts]
[2026-04-29 01:54:09,939: INFO: common: created directory at: artifacts/data_ingestion]
[2026-04-29 01:54:09,939: INFO: data_ingestion: File already exists]
[2026-04-29 01:54:09,941: INFO: main: >>>>>> stage  Data Ingestion Stage completed <<<<<<

x============x]
[2026-04-29 01:54:09,941: INFO: main: >>>>>>> Stage  Data Validation Stage  started <<<<<<<< ]
[2026-04-29 01:55:01,912: INFO: main: Welcome to our custom logging data science ]
[2026-04-29 01:55:01,912: INFO: main: >>>>>> stage  Data Ingestion Stage started <<<<<<]
[2026-04-29 01:55:01,912: INFO: common: yaml files: config/config.yaml loadded successfully]
[2026-04-29 01:55:01,913: INFO: common: yaml files: params.yaml loadded successfully]
[2026-04-29 01:55:01,913: INFO: common: yaml files: schema.yaml loadded successfully]
[2026-04-29 01:55:01,913: INFO: common: created directory at: artifacts]
[2026-04-29 01:55:01,913: INFO: common: created directory at: artifacts/data_ingestion]
[2026-04-29 01:55:01,914: INFO: data_ingestion: File already exists]
[2026-04-29 01:55:01,914: INFO: main: >>>>>> stage  Data Ingestion Stage completed <<<<<<

x============x]
[2026-04-29 01:55:01,914: INFO: main: >>>>>>> Stage  Data Validation Stage  started <<<<<<<< ]
[2026-04-29 01:55:01,915: INFO: common: yaml files: config/config.yaml loadded successfully]
[2026-04-29 01:55:01,915: INFO: common: yaml files: params.yaml loadded successfully]
[2026-04-29 01:55:01,916: INFO: common: yaml files: schema.yaml loadded successfully]
[2026-04-29 01:55:01,916: INFO: common: created directory at: artifacts]
[2026-04-29 01:55:01,916: INFO: common: created directory at: artifacts/data_validation]
[2026-04-29 01:56:59,800: INFO: main: Welcome to our custom logging data science ]
[2026-04-29 01:56:59,800: INFO: main: >>>>>> stage  Data Ingestion Stage started <<<<<<]
[2026-04-29 01:56:59,800: INFO: common: yaml files: config/config.yaml loadded successfully]
[2026-04-29 01:56:59,801: INFO: common: yaml files: params.yaml loadded successfully]
[2026-04-29 01:56:59,801: INFO: common: yaml files: schema.yaml loadded successfully]
[2026-04-29 01:56:59,801: INFO: common: created directory at: artifacts]
[2026-04-29 01:56:59,801: INFO: common: created directory at: artifacts/data_ingestion]
[2026-04-29 01:56:59,801: INFO: data_ingestion: File already exists]
[2026-04-29 01:56:59,802: INFO: main: >>>>>> stage  Data Ingestion Stage completed <<<<<<

x============x]
[2026-04-29 01:56:59,802: INFO: main: >>>>>>> Stage  Data Validation Stage  started <<<<<<<< ]
[2026-04-29 01:56:59,803: INFO: common: yaml files: config/config.yaml loadded successfully]
[2026-04-29 01:56:59,803: INFO: common: yaml files: params.yaml loadded successfully]
[2026-04-29 01:56:59,803: INFO: common: yaml files: schema.yaml loadded successfully]
[2026-04-29 01:56:59,803: INFO: common: created directory at: artifacts]
[2026-04-29 01:56:59,803: INFO: common: created directory at: artifacts/data_validation]
[2026-04-29 02:00:35,062: INFO: main: Welcome to our custom logging data science ]
[2026-04-29 02:00:35,062: INFO: main: >>>>>> stage  Data Ingestion Stage started <<<<<<]
[2026-04-29 02:00:35,063: INFO: common: yaml files: config/config.yaml loadded successfully]
[2026-04-29 02:00:35,063: INFO: common: yaml files: params.yaml loadded successfully]
[2026-04-29 02:00:35,063: INFO: common: yaml files: schema.yaml loadded successfully]
[2026-04-29 02:00:35,063: INFO: common: created directory at: artifacts]
[2026-04-29 02:00:35,064: INFO: common: created directory at: artifacts/data_ingestion]
[2026-04-29 02:00:35,064: INFO: data_ingestion: File already exists]
[2026-04-29 02:00:35,064: INFO: main: >>>>>> stage  Data Ingestion Stage completed <<<<<<

x============x]
[2026-04-29 02:00:35,064: INFO: main: >>>>>>> Stage  Data Validation Stage  started <<<<<<<< ]
[2026-04-29 02:00:35,065: INFO: common: yaml files: config/config.yaml loadded successfully]
[2026-04-29 02:00:35,065: INFO: common: yaml files: params.yaml loadded successfully]
[2026-04-29 02:00:35,065: INFO: common: yaml files: schema.yaml loadded successfully]
[2026-04-29 02:00:35,066: INFO: common: created directory at: artifacts]
[2026-04-29 02:00:35,066: INFO: common: created directory at: artifacts/data_validation]
[2026-04-29 02:00:35,068: INFO: main: >>>>>>> stage  Data Validation Stage  completed <<<<<<<<<<

x=====================x]
[2026-04-30 00:36:17,243: INFO: common: yaml files: config/config.yaml loadded successfully]
[2026-04-30 00:36:17,244: INFO: common: yaml files: params.yaml loadded successfully]
[2026-04-30 00:36:17,245: INFO: common: yaml files: schema.yaml loadded successfully]
[2026-04-30 00:36:17,245: INFO: common: created directory at: artifacts]
[2026-04-30 00:36:17,246: INFO: common: created directory at: artifacts/data_transformation]
[2026-04-30 00:36:17,273: INFO: 3273668877: Splited data into tracking and test sets]
[2026-04-30 00:36:17,273: INFO: 3273668877: (1199, 12)]
[2026-04-30 00:36:17,273: INFO: 3273668877: (400, 12)]
[2026-04-30 00:54:29,344: INFO: main: Welcome to our custom logging data science ]
[2026-04-30 00:54:29,344: INFO: main: >>>>>> stage  Data Ingestion Stage started <<<<<<]
[2026-04-30 00:54:29,345: INFO: common: yaml files: config/config.yaml loadded successfully]
[2026-04-30 00:54:29,345: INFO: common: yaml files: params.yaml loadded successfully]
[2026-04-30 00:54:29,345: INFO: common: yaml files: schema.yaml loadded successfully]
[2026-04-30 00:54:29,345: INFO: common: created directory at: artifacts]
[2026-04-30 00:54:29,345: INFO: common: created directory at: artifacts/data_ingestion]
[2026-04-30 00:54:29,346: INFO: data_ingestion: File already exists]
[2026-04-30 00:54:29,348: INFO: main: >>>>>> stage  Data Ingestion Stage completed <<<<<<

x============x]
[2026-04-30 00:54:29,348: INFO: main: >>>>>>> Stage  Data Validation Stage  started <<<<<<<< ]
[2026-04-30 00:54:29,349: INFO: common: yaml files: config/config.yaml loadded successfully]
[2026-04-30 00:54:29,349: INFO: common: yaml files: params.yaml loadded successfully]
[2026-04-30 00:54:29,349: INFO: common: yaml files: schema.yaml loadded successfully]
[2026-04-30 00:54:29,349: INFO: common: created directory at: artifacts]
[2026-04-30 00:54:29,349: INFO: common: created directory at: artifacts/data_validation]
[2026-04-30 00:54:29,354: INFO: main: >>>>>>> stage  Data Validation Stage  completed <<<<<<<<<<

x=====================x]
[2026-04-30 00:54:29,354: INFO: main: >>>>>>>>>>>  Stage Data Transformation Stage  started <<<<<<<<<<<<]
[2026-04-30 00:54:29,354: INFO: common: yaml files: config/config.yaml loadded successfully]
[2026-04-30 00:54:29,355: INFO: common: yaml files: params.yaml loadded successfully]
[2026-04-30 00:54:29,355: INFO: common: yaml files: schema.yaml loadded successfully]
[2026-04-30 00:54:29,355: INFO: common: created directory at: artifacts]
[2026-04-30 00:54:29,355: INFO: common: created directory at: artifacts/data_transformation]
[2026-04-30 00:54:29,365: INFO: data_transformation: Splited data into tracking and test sets]
[2026-04-30 00:54:29,365: INFO: data_transformation: (1199, 12)]
[2026-04-30 00:54:29,365: INFO: data_transformation: (400, 12)]
[2026-04-30 00:54:29,365: INFO: main: >>>>>>>>> Stage Data Transformation Stage  completed <<<<<<<<<<<<<<<

x===============x]
[2026-04-30 01:09:04,198: INFO: main: Welcome to our custom logging data science ]
[2026-04-30 01:09:04,198: INFO: main: >>>>>> stage  Data Ingestion Stage started <<<<<<]
[2026-04-30 01:09:04,200: INFO: common: yaml files: config/config.yaml loadded successfully]
[2026-04-30 01:09:04,200: INFO: common: yaml files: params.yaml loadded successfully]
[2026-04-30 01:09:04,200: INFO: common: yaml files: schema.yaml loadded successfully]
[2026-04-30 01:09:04,201: INFO: common: created directory at: artifacts]
[2026-04-30 01:09:04,201: INFO: common: created directory at: artifacts/data_ingestion]
[2026-04-30 01:09:04,201: INFO: data_ingestion: File already exists]
[2026-04-30 01:09:04,201: INFO: main: >>>>>> stage  Data Ingestion Stage completed <<<<<<

x============x]
[2026-04-30 01:09:04,202: INFO: main: >>>>>>> Stage  Data Validation Stage  started <<<<<<<< ]
[2026-04-30 01:09:04,202: INFO: common: yaml files: config/config.yaml loadded successfully]
[2026-04-30 01:09:04,202: INFO: common: yaml files: params.yaml loadded successfully]
[2026-04-30 01:09:04,203: INFO: common: yaml files: schema.yaml loadded successfully]
[2026-04-30 01:09:04,203: INFO: common: created directory at: artifacts]
[2026-04-30 01:09:04,203: INFO: common: created directory at: artifacts/data_validation]
[2026-04-30 01:09:04,206: INFO: main: >>>>>>> stage  Data Validation Stage  completed <<<<<<<<<<

x=====================x]
[2026-04-30 01:09:04,206: INFO: main: >>>>>>>>>>>  Stage Data Transformation Stage  started <<<<<<<<<<<<]
[2026-04-30 01:09:04,206: INFO: main: >>>>>>>>> Stage Data Transformation Stage  completed <<<<<<<<<<<<<<<

x===============x]
[2026-04-30 01:10:28,488: INFO: main: Welcome to our custom logging data science ]
[2026-04-30 01:10:28,488: INFO: main: >>>>>> stage  Data Ingestion Stage started <<<<<<]
[2026-04-30 01:10:28,489: INFO: common: yaml files: config/config.yaml loadded successfully]
[2026-04-30 01:10:28,490: INFO: common: yaml files: params.yaml loadded successfully]
[2026-04-30 01:10:28,490: INFO: common: yaml files: schema.yaml loadded successfully]
[2026-04-30 01:10:28,490: INFO: common: created directory at: artifacts]
[2026-04-30 01:10:28,490: INFO: common: created directory at: artifacts/data_ingestion]
[2026-04-30 01:10:28,490: INFO: data_ingestion: File already exists]
[2026-04-30 01:10:28,491: INFO: main: >>>>>> stage  Data Ingestion Stage completed <<<<<<

x============x]
[2026-04-30 01:10:28,491: INFO: main: >>>>>>> Stage  Data Validation Stage  started <<<<<<<< ]
[2026-04-30 01:10:28,492: INFO: common: yaml files: config/config.yaml loadded successfully]
[2026-04-30 01:10:28,492: INFO: common: yaml files: params.yaml loadded successfully]
[2026-04-30 01:10:28,492: INFO: common: yaml files: schema.yaml loadded successfully]
[2026-04-30 01:10:28,492: INFO: common: created directory at: artifacts]
[2026-04-30 01:10:28,493: INFO: common: created directory at: artifacts/data_validation]
[2026-04-30 01:10:28,495: INFO: main: >>>>>>> stage  Data Validation Stage  completed <<<<<<<<<<

x=====================x]
[2026-04-30 01:10:28,495: INFO: main: >>>>>>>>>>>  Stage Data Transformation Stage  started <<<<<<<<<<<<]
[2026-04-30 01:10:28,495: INFO: main: >>>>>>>>> Stage Data Transformation Stage  completed <<<<<<<<<<<<<<<

x===============x]
[2026-04-30 01:11:06,119: INFO: main: Welcome to our custom logging data science ]
[2026-04-30 01:11:06,119: INFO: main: >>>>>> stage  Data Ingestion Stage started <<<<<<]
[2026-04-30 01:11:06,120: INFO: common: yaml files: config/config.yaml loadded successfully]
[2026-04-30 01:11:06,120: INFO: common: yaml files: params.yaml loadded successfully]
[2026-04-30 01:11:06,121: INFO: common: yaml files: schema.yaml loadded successfully]
[2026-04-30 01:11:06,121: INFO: common: created directory at: artifacts]
[2026-04-30 01:11:06,121: INFO: common: created directory at: artifacts/data_ingestion]
[2026-04-30 01:11:06,121: INFO: data_ingestion: File already exists]
[2026-04-30 01:11:06,122: INFO: main: >>>>>> stage  Data Ingestion Stage completed <<<<<<

x============x]
[2026-04-30 01:11:06,122: INFO: main: >>>>>>> Stage  Data Validation Stage  started <<<<<<<< ]
[2026-04-30 01:11:06,123: INFO: common: yaml files: config/config.yaml loadded successfully]
[2026-04-30 01:11:06,123: INFO: common: yaml files: params.yaml loadded successfully]
[2026-04-30 01:11:06,123: INFO: common: yaml files: schema.yaml loadded successfully]
[2026-04-30 01:11:06,123: INFO: common: created directory at: artifacts]
[2026-04-30 01:11:06,123: INFO: common: created directory at: artifacts/data_validation]
[2026-04-30 01:11:06,126: INFO: main: >>>>>>> stage  Data Validation Stage  completed <<<<<<<<<<

x=====================x]
[2026-04-30 01:11:06,126: INFO: main: >>>>>>>>>>>  Stage Data Transformation Stage  started <<<<<<<<<<<<]
[2026-04-30 01:11:06,127: INFO: common: yaml files: config/config.yaml loadded successfully]
[2026-04-30 01:11:06,127: INFO: common: yaml files: params.yaml loadded successfully]
[2026-04-30 01:11:06,128: INFO: common: yaml files: schema.yaml loadded successfully]
[2026-04-30 01:11:06,128: INFO: common: created directory at: artifacts]
[2026-04-30 01:11:06,128: INFO: common: created directory at: artifacts/data_transformation]
[2026-04-30 01:11:06,138: INFO: data_transformation: Splited data into tracking and test sets]
[2026-04-30 01:11:06,138: INFO: data_transformation: (1199, 12)]
[2026-04-30 01:11:06,138: INFO: data_transformation: (400, 12)]
[2026-04-30 01:11:06,138: INFO: main: >>>>>>>>> Stage Data Transformation Stage  completed <<<<<<<<<<<<<<<

x===============x]
[2026-04-30 01:55:25,749: INFO: common: yaml files: config/config.yaml loadded successfully]
[2026-04-30 01:55:25,751: INFO: common: yaml files: params.yaml loadded successfully]
[2026-04-30 01:55:25,752: INFO: common: yaml files: schema.yaml loadded successfully]
[2026-04-30 01:55:25,753: INFO: common: created directory at: artifacts]
[2026-04-30 01:56:49,615: INFO: common: yaml files: config/config.yaml loadded successfully]
[2026-04-30 01:56:49,616: INFO: common: yaml files: params.yaml loadded successfully]
[2026-04-30 01:56:49,617: INFO: common: yaml files: schema.yaml loadded successfully]
[2026-04-30 01:56:49,617: INFO: common: created directory at: artifacts]
[2026-04-30 01:57:10,718: INFO: common: yaml files: config/config.yaml loadded successfully]
[2026-04-30 01:57:10,719: INFO: common: yaml files: params.yaml loadded successfully]
[2026-04-30 01:57:10,720: INFO: common: yaml files: schema.yaml loadded successfully]
[2026-04-30 01:57:10,720: INFO: common: created directory at: artifacts]
[2026-04-30 01:58:05,027: INFO: common: yaml files: config/config.yaml loadded successfully]
[2026-04-30 01:58:05,028: INFO: common: yaml files: params.yaml loadded successfully]
[2026-04-30 01:58:05,028: INFO: common: yaml files: schema.yaml loadded successfully]
[2026-04-30 01:58:05,029: INFO: common: created directory at: artifacts]
[2026-04-30 01:58:27,321: INFO: common: yaml files: config/config.yaml loadded successfully]
[2026-04-30 01:58:27,322: INFO: common: yaml files: params.yaml loadded successfully]
[2026-04-30 01:58:27,323: INFO: common: yaml files: schema.yaml loadded successfully]
[2026-04-30 01:58:27,323: INFO: common: created directory at: artifacts]
[2026-04-30 01:58:27,323: INFO: common: created directory at: artifacts]
[2026-04-30 01:59:08,905: INFO: common: yaml files: config/config.yaml loadded successfully]
[2026-04-30 01:59:08,907: INFO: common: yaml files: params.yaml loadded successfully]
[2026-04-30 01:59:08,908: INFO: common: yaml files: schema.yaml loadded successfully]
[2026-04-30 01:59:08,908: INFO: common: created directory at: artifacts]
[2026-04-30 01:59:08,908: INFO: common: created directory at: artifacts]
[2026-04-30 01:59:21,372: INFO: common: yaml files: config/config.yaml loadded successfully]
[2026-04-30 01:59:21,373: INFO: common: yaml files: params.yaml loadded successfully]
[2026-04-30 01:59:21,374: INFO: common: yaml files: schema.yaml loadded successfully]
[2026-04-30 01:59:21,374: INFO: common: created directory at: artifacts]
[2026-04-30 01:59:21,375: INFO: common: created directory at: artifacts]
[2026-04-30 02:00:05,076: INFO: common: yaml files: config/config.yaml loadded successfully]
[2026-04-30 02:00:05,077: INFO: common: yaml files: params.yaml loadded successfully]
[2026-04-30 02:00:05,078: INFO: common: yaml files: schema.yaml loadded successfully]
[2026-04-30 02:00:05,079: INFO: common: created directory at: artifacts]
[2026-04-30 02:00:37,922: INFO: common: yaml files: config/config.yaml loadded successfully]
[2026-04-30 02:00:37,923: INFO: common: yaml files: params.yaml loadded successfully]
[2026-04-30 02:00:37,925: INFO: common: yaml files: schema.yaml loadded successfully]
[2026-04-30 02:00:37,925: INFO: common: created directory at: artifacts]
[2026-04-30 02:01:19,635: INFO: common: yaml files: config/config.yaml loadded successfully]
[2026-04-30 02:01:19,637: INFO: common: yaml files: params.yaml loadded successfully]
[2026-04-30 02:01:19,639: INFO: common: yaml files: schema.yaml loadded successfully]
[2026-04-30 02:01:19,640: INFO: common: created directory at: artifacts]
[2026-04-30 02:01:19,641: INFO: common: created directory at: artifacts/model_tainer]
[2026-04-30 02:21:58,207: INFO: main: Welcome to our custom logging data science ]
[2026-04-30 02:21:58,207: INFO: main: >>>>>> stage  Data Ingestion Stage started <<<<<<]
[2026-04-30 02:21:58,208: INFO: common: yaml files: config/config.yaml loadded successfully]
[2026-04-30 02:21:58,208: INFO: common: yaml files: params.yaml loadded successfully]
[2026-04-30 02:21:58,209: INFO: common: yaml files: schema.yaml loadded successfully]
[2026-04-30 02:21:58,209: INFO: common: created directory at: artifacts]
[2026-04-30 02:21:58,209: INFO: common: created directory at: artifacts/data_ingestion]
[2026-04-30 02:21:58,209: INFO: data_ingestion: File already exists]
[2026-04-30 02:21:58,210: INFO: main: >>>>>> stage  Data Ingestion Stage completed <<<<<<

x============x]
[2026-04-30 02:21:58,211: INFO: main: >>>>>>> Stage  Data Validation Stage  started <<<<<<<< ]
[2026-04-30 02:21:58,211: INFO: common: yaml files: config/config.yaml loadded successfully]
[2026-04-30 02:21:58,211: INFO: common: yaml files: params.yaml loadded successfully]
[2026-04-30 02:21:58,212: INFO: common: yaml files: schema.yaml loadded successfully]
[2026-04-30 02:21:58,212: INFO: common: created directory at: artifacts]
[2026-04-30 02:21:58,212: INFO: common: created directory at: artifacts/data_validation]
[2026-04-30 02:21:58,215: INFO: main: >>>>>>> stage  Data Validation Stage  completed <<<<<<<<<<

x=====================x]
[2026-04-30 02:21:58,215: INFO: main: >>>>>>>>>>>  Stage Data Transformation Stage  started <<<<<<<<<<<<]
[2026-04-30 02:21:58,216: INFO: common: yaml files: config/config.yaml loadded successfully]
[2026-04-30 02:21:58,216: INFO: common: yaml files: params.yaml loadded successfully]
[2026-04-30 02:21:58,217: INFO: common: yaml files: schema.yaml loadded successfully]
[2026-04-30 02:21:58,217: INFO: common: created directory at: artifacts]
[2026-04-30 02:21:58,217: INFO: common: created directory at: artifacts/data_transformation]
[2026-04-30 02:21:58,227: INFO: data_transformation: Splited data into tracking and test sets]
[2026-04-30 02:21:58,227: INFO: data_transformation: (1199, 12)]
[2026-04-30 02:21:58,227: INFO: data_transformation: (400, 12)]
[2026-04-30 02:21:58,227: INFO: main: >>>>>>>>> Stage Data Transformation Stage  completed <<<<<<<<<<<<<<<

x===============x]
[2026-04-30 02:21:58,227: INFO: main: >>>>>>>>>>>> Stage Model Trainer Stage  started <<<<<<<<<<<<]
[2026-04-30 02:21:58,227: INFO: common: yaml files: config/config.yaml loadded successfully]
[2026-04-30 02:21:58,228: INFO: common: yaml files: params.yaml loadded successfully]
[2026-04-30 02:21:58,228: INFO: common: yaml files: schema.yaml loadded successfully]
[2026-04-30 02:21:58,228: INFO: common: created directory at: artifacts]
[2026-04-30 02:21:58,228: INFO: common: created directory at: artifacts/model_tainer]
[2026-04-30 02:21:58,233: INFO: main: >>>>>>>>>>>>> Stage Model Trainer Stage  completed <<<<<<<<<<<<<<<<<<<<

x================x]
[2026-04-30 13:01:32,606: INFO: main: Welcome to our custom logging data science ]
[2026-04-30 13:01:32,606: INFO: main: >>>>>> stage  Data Ingestion Stage started <<<<<<]
[2026-04-30 13:01:32,607: INFO: common: yaml files: config/config.yaml loadded successfully]
[2026-04-30 13:01:32,607: INFO: common: yaml files: params.yaml loadded successfully]
[2026-04-30 13:01:32,608: INFO: common: yaml files: schema.yaml loadded successfully]
[2026-04-30 13:01:32,608: INFO: common: created directory at: artifacts]
[2026-04-30 13:01:32,608: INFO: common: created directory at: artifacts/data_ingestion]
[2026-04-30 13:01:32,608: INFO: data_ingestion: File already exists]
[2026-04-30 13:01:32,609: INFO: main: >>>>>> stage  Data Ingestion Stage completed <<<<<<

x============x]
[2026-04-30 13:01:32,609: INFO: main: >>>>>>> Stage  Data Validation Stage  started <<<<<<<< ]
[2026-04-30 13:01:32,610: INFO: common: yaml files: config/config.yaml loadded successfully]
[2026-04-30 13:01:32,610: INFO: common: yaml files: params.yaml loadded successfully]
[2026-04-30 13:01:32,611: INFO: common: yaml files: schema.yaml loadded successfully]
[2026-04-30 13:01:32,611: INFO: common: created directory at: artifacts]
[2026-04-30 13:01:32,611: INFO: common: created directory at: artifacts/data_validation]
[2026-04-30 13:01:32,619: INFO: main: >>>>>>> stage  Data Validation Stage  completed <<<<<<<<<<

x=====================x]
[2026-04-30 13:01:32,619: INFO: main: >>>>>>>>>>>  Stage Data Transformation Stage  started <<<<<<<<<<<<]
[2026-04-30 13:01:32,620: INFO: common: yaml files: config/config.yaml loadded successfully]
[2026-04-30 13:01:32,621: INFO: common: yaml files: params.yaml loadded successfully]
[2026-04-30 13:01:32,621: INFO: common: yaml files: schema.yaml loadded successfully]
[2026-04-30 13:01:32,621: INFO: common: created directory at: artifacts]
[2026-04-30 13:01:32,621: INFO: common: created directory at: artifacts/data_transformation]
[2026-04-30 13:01:32,631: INFO: data_transformation: Splited data into tracking and test sets]
[2026-04-30 13:01:32,631: INFO: data_transformation: (1199, 12)]
[2026-04-30 13:01:32,631: INFO: data_transformation: (400, 12)]
[2026-04-30 13:01:32,631: INFO: main: >>>>>>>>> Stage Data Transformation Stage  completed <<<<<<<<<<<<<<<

x===============x]
[2026-04-30 13:01:32,631: INFO: main: >>>>>>>>>>>> Stage Model Trainer Stage  started <<<<<<<<<<<<]
[2026-04-30 13:01:32,632: INFO: common: yaml files: config/config.yaml loadded successfully]
[2026-04-30 13:01:32,632: INFO: common: yaml files: params.yaml loadded successfully]
[2026-04-30 13:01:32,633: INFO: common: yaml files: schema.yaml loadded successfully]
[2026-04-30 13:01:32,633: INFO: common: created directory at: artifacts]
[2026-04-30 13:01:32,633: INFO: common: created directory at: artifacts/model_trainer]
[2026-04-30 13:01:32,637: INFO: main: >>>>>>>>>>>>> Stage Model Trainer Stage  completed <<<<<<<<<<<<<<<<<<<<

x================x]
[2026-04-30 13:45:53,391: INFO: common: yaml files: config/config.yaml loadded successfully]
[2026-04-30 13:45:53,392: INFO: common: yaml files: params.yaml loadded successfully]
[2026-04-30 13:45:53,394: INFO: common: yaml files: schema.yaml loadded successfully]
[2026-04-30 13:45:53,394: INFO: common: created directory at: artifacts]
[2026-04-30 13:47:05,528: INFO: common: yaml files: config/config.yaml loadded successfully]
[2026-04-30 13:47:05,529: INFO: common: yaml files: params.yaml loadded successfully]
[2026-04-30 13:47:05,530: INFO: common: yaml files: schema.yaml loadded successfully]
[2026-04-30 13:47:05,530: INFO: common: created directory at: artifacts]
[2026-04-30 13:47:05,530: INFO: common: created directory at: artifacts/model_evalution]
[2026-04-30 13:48:00,853: INFO: common: yaml files: config/config.yaml loadded successfully]
[2026-04-30 13:48:00,854: INFO: common: yaml files: params.yaml loadded successfully]
[2026-04-30 13:48:00,855: INFO: common: yaml files: schema.yaml loadded successfully]
[2026-04-30 13:48:00,855: INFO: common: created directory at: artifacts]
[2026-04-30 13:48:00,855: INFO: common: created directory at: artifacts/model_evalution]
[2026-04-30 13:48:24,528: INFO: common: yaml files: config/config.yaml loadded successfully]
[2026-04-30 13:48:24,529: INFO: common: yaml files: params.yaml loadded successfully]
[2026-04-30 13:48:24,531: INFO: common: yaml files: schema.yaml loadded successfully]
[2026-04-30 13:48:24,531: INFO: common: created directory at: artifacts]
[2026-04-30 13:48:24,532: INFO: common: created directory at: artifacts/model_evalution]
[2026-04-30 13:49:30,510: INFO: common: yaml files: config/config.yaml loadded successfully]
[2026-04-30 13:49:30,511: INFO: common: yaml files: params.yaml loadded successfully]
[2026-04-30 13:49:30,512: INFO: common: yaml files: schema.yaml loadded successfully]
[2026-04-30 13:49:30,513: INFO: common: created directory at: artifacts]
[2026-04-30 13:49:30,513: INFO: common: created directory at: artifacts/model_evalution]
[2026-04-30 13:51:02,535: INFO: common: yaml files: config/config.yaml loadded successfully]
[2026-04-30 13:51:02,536: INFO: common: yaml files: params.yaml loadded successfully]
[2026-04-30 13:51:02,537: INFO: common: yaml files: schema.yaml loadded successfully]
[2026-04-30 13:51:02,537: INFO: common: created directory at: artifacts]
[2026-04-30 13:51:02,537: INFO: common: created directory at: artifacts/model_evalution]
[2026-04-30 13:51:33,286: INFO: common: yaml files: config/config.yaml loadded successfully]
[2026-04-30 13:51:33,287: INFO: common: yaml files: params.yaml loadded successfully]
[2026-04-30 13:51:33,288: INFO: common: yaml files: schema.yaml loadded successfully]
[2026-04-30 13:51:33,288: INFO: common: created directory at: artifacts]
[2026-04-30 13:51:33,288: INFO: common: created directory at: artifacts/model_evalution]
[2026-04-30 13:52:59,535: INFO: common: yaml files: config/config.yaml loadded successfully]
[2026-04-30 13:52:59,536: INFO: common: yaml files: params.yaml loadded successfully]
[2026-04-30 13:52:59,537: INFO: common: yaml files: schema.yaml loadded successfully]
[2026-04-30 13:52:59,537: INFO: common: created directory at: artifacts]
[2026-04-30 13:52:59,537: INFO: common: created directory at: artifacts/model_evalution]
[2026-04-30 13:52:59,580: INFO: common: json file is saved at: artifacts/model_evalution/metrics.json]
[2026-04-30 14:01:06,961: INFO: common: yaml files: config/config.yaml loadded successfully]
[2026-04-30 14:01:06,962: INFO: common: yaml files: params.yaml loadded successfully]
[2026-04-30 14:01:06,962: INFO: common: yaml files: schema.yaml loadded successfully]
[2026-04-30 14:01:06,963: INFO: common: created directory at: artifacts]
[2026-04-30 14:01:06,963: INFO: common: created directory at: artifacts/model_evalution]
[2026-04-30 14:01:06,969: INFO: common: json file is saved at: artifacts/model_evalution/metrics.json]
[2026-04-30 14:03:08,223: INFO: common: yaml files: config/config.yaml loadded successfully]
[2026-04-30 14:03:08,224: INFO: common: yaml files: params.yaml loadded successfully]
[2026-04-30 14:03:08,225: INFO: common: yaml files: schema.yaml loadded successfully]
[2026-04-30 14:03:08,226: INFO: common: created directory at: artifacts]
[2026-04-30 14:03:08,226: INFO: common: created directory at: artifacts/model_evalution]
[2026-04-30 14:03:08,233: INFO: common: json file is saved at: artifacts/model_evalution/metrics.json]
[2026-04-30 14:05:07,141: INFO: common: yaml files: config/config.yaml loadded successfully]
[2026-04-30 14:05:07,142: INFO: common: yaml files: params.yaml loadded successfully]
[2026-04-30 14:05:07,143: INFO: common: yaml files: schema.yaml loadded successfully]
[2026-04-30 14:05:07,143: INFO: common: created directory at: artifacts]
[2026-04-30 14:05:07,144: INFO: common: created directory at: artifacts/model_evalution]
[2026-04-30 14:05:07,151: INFO: common: json file is saved at: artifacts/model_evalution/metrics.json]
[2026-04-30 14:11:27,342: INFO: common: yaml files: config/config.yaml loadded successfully]
[2026-04-30 14:11:27,343: INFO: common: yaml files: params.yaml loadded successfully]
[2026-04-30 14:11:27,344: INFO: common: yaml files: schema.yaml loadded successfully]
[2026-04-30 14:11:27,344: INFO: common: created directory at: artifacts]
[2026-04-30 14:11:27,344: INFO: common: created directory at: artifacts/model_evalution]
[2026-04-30 14:11:27,402: INFO: common: json file is saved at: artifacts/model_evalution/metrics.json]
[2026-04-30 14:15:07,211: INFO: common: yaml files: config/config.yaml loadded successfully]
[2026-04-30 14:15:07,212: INFO: common: yaml files: params.yaml loadded successfully]
[2026-04-30 14:15:07,213: INFO: common: yaml files: schema.yaml loadded successfully]
[2026-04-30 14:15:07,213: INFO: common: created directory at: artifacts]
[2026-04-30 14:15:07,214: INFO: common: created directory at: artifacts/model_evalution]
[2026-04-30 14:15:13,762: INFO: common: json file is saved at: artifacts/model_evalution/metrics.json]
[2026-04-30 14:17:37,283: INFO: common: yaml files: config/config.yaml loadded successfully]
[2026-04-30 14:17:37,284: INFO: common: yaml files: params.yaml loadded successfully]
[2026-04-30 14:17:37,285: INFO: common: yaml files: schema.yaml loadded successfully]
[2026-04-30 14:17:37,286: INFO: common: created directory at: artifacts]
[2026-04-30 14:17:37,287: INFO: common: created directory at: artifacts/model_evalution]
[2026-04-30 14:17:38,679: INFO: common: json file is saved at: artifacts/model_evalution/metrics.json]
[2026-04-30 14:18:07,275: INFO: common: yaml files: config/config.yaml loadded successfully]
[2026-04-30 14:18:07,277: INFO: common: yaml files: params.yaml loadded successfully]
[2026-04-30 14:18:07,279: INFO: common: yaml files: schema.yaml loadded successfully]
[2026-04-30 14:18:07,280: INFO: common: created directory at: artifacts]
[2026-04-30 14:18:07,280: INFO: common: created directory at: artifacts/model_evalution]
[2026-04-30 14:18:08,142: INFO: common: json file is saved at: artifacts/model_evalution/metrics.json]
[2026-04-30 23:02:20,404: INFO: common: yaml files: config/config.yaml loadded successfully]
[2026-04-30 23:02:20,406: INFO: common: yaml files: params.yaml loadded successfully]
[2026-04-30 23:02:20,407: INFO: common: yaml files: schema.yaml loadded successfully]
[2026-04-30 23:02:20,408: INFO: common: created directory at: artifacts]
[2026-04-30 23:02:20,408: INFO: common: created directory at: artifacts/model_evalution]
[2026-04-30 23:02:21,838: INFO: common: json file is saved at: artifacts/model_evalution/metrics.json]
[2026-04-30 23:14:39,445: INFO: common: yaml files: config/config.yaml loadded successfully]
[2026-04-30 23:14:39,446: INFO: common: yaml files: params.yaml loadded successfully]
[2026-04-30 23:14:39,447: INFO: common: yaml files: schema.yaml loadded successfully]
[2026-04-30 23:14:39,447: INFO: common: created directory at: artifacts]
[2026-04-30 23:14:39,447: INFO: common: created directory at: artifacts/model_evalution]
[2026-04-30 23:14:40,891: INFO: common: json file is saved at: artifacts/model_evalution/metrics.json]
[2026-04-30 23:23:03,111: INFO: main: Welcome to our custom logging data science ]
[2026-04-30 23:23:03,111: INFO: main: >>>>>> stage  Data Ingestion Stage started <<<<<<]
[2026-04-30 23:23:03,112: INFO: common: yaml files: config/config.yaml loadded successfully]
[2026-04-30 23:23:03,112: INFO: common: yaml files: params.yaml loadded successfully]
[2026-04-30 23:23:03,113: INFO: common: yaml files: schema.yaml loadded successfully]
[2026-04-30 23:23:03,113: INFO: common: created directory at: artifacts]
[2026-04-30 23:23:03,113: INFO: common: created directory at: artifacts/data_ingestion]
[2026-04-30 23:23:03,113: INFO: data_ingestion: File already exists]
[2026-04-30 23:23:03,116: INFO: main: >>>>>> stage  Data Ingestion Stage completed <<<<<<

x============x]
[2026-04-30 23:23:03,116: INFO: main: >>>>>>> Stage  Data Validation Stage  started <<<<<<<< ]
[2026-04-30 23:23:03,117: INFO: common: yaml files: config/config.yaml loadded successfully]
[2026-04-30 23:23:03,117: INFO: common: yaml files: params.yaml loadded successfully]
[2026-04-30 23:23:03,118: INFO: common: yaml files: schema.yaml loadded successfully]
[2026-04-30 23:23:03,118: INFO: common: created directory at: artifacts]
[2026-04-30 23:23:03,118: INFO: common: created directory at: artifacts/data_validation]
[2026-04-30 23:23:03,121: INFO: main: >>>>>>> stage  Data Validation Stage  completed <<<<<<<<<<

x=====================x]
[2026-04-30 23:23:03,121: INFO: main: >>>>>>>>>>>  Stage Data Transformation Stage  started <<<<<<<<<<<<]
[2026-04-30 23:23:03,122: INFO: common: yaml files: config/config.yaml loadded successfully]
[2026-04-30 23:23:03,122: INFO: common: yaml files: params.yaml loadded successfully]
[2026-04-30 23:23:03,123: INFO: common: yaml files: schema.yaml loadded successfully]
[2026-04-30 23:23:03,123: INFO: common: created directory at: artifacts]
[2026-04-30 23:23:03,123: INFO: common: created directory at: artifacts/data_transformation]
[2026-04-30 23:23:03,134: INFO: data_transformation: Splited data into tracking and test sets]
[2026-04-30 23:23:03,134: INFO: data_transformation: (1199, 12)]
[2026-04-30 23:23:03,134: INFO: data_transformation: (400, 12)]
[2026-04-30 23:23:03,134: INFO: main: >>>>>>>>> Stage Data Transformation Stage  completed <<<<<<<<<<<<<<<

x===============x]
[2026-04-30 23:23:03,134: INFO: main: >>>>>>>>>>>> Stage Model Trainer Stage  started <<<<<<<<<<<<]
[2026-04-30 23:23:03,135: INFO: common: yaml files: config/config.yaml loadded successfully]
[2026-04-30 23:23:03,135: INFO: common: yaml files: params.yaml loadded successfully]
[2026-04-30 23:23:03,136: INFO: common: yaml files: schema.yaml loadded successfully]
[2026-04-30 23:23:03,136: INFO: common: created directory at: artifacts]
[2026-04-30 23:23:03,136: INFO: common: created directory at: artifacts/model_trainer]
[2026-04-30 23:23:03,140: INFO: main: >>>>>>>>>>>>> Stage Model Trainer Stage  completed <<<<<<<<<<<<<<<<<<<<

x================x]
[2026-04-30 23:23:03,141: INFO: main: >>>>>>>>>>>> Stage Model Evaluation Stage  started <<<<<<<<<<<<<]
[2026-04-30 23:23:03,141: INFO: common: yaml files: config/config.yaml loadded successfully]
[2026-04-30 23:23:03,142: INFO: common: yaml files: params.yaml loadded successfully]
[2026-04-30 23:23:03,142: INFO: common: yaml files: schema.yaml loadded successfully]
[2026-04-30 23:23:03,142: INFO: common: created directory at: artifacts]
[2026-04-30 23:23:03,142: INFO: common: created directory at: artifacts/model_evalution]
[2026-04-30 23:28:03,944: INFO: main: Welcome to our custom logging data science ]
[2026-04-30 23:28:03,944: INFO: main: >>>>>> stage  Data Ingestion Stage started <<<<<<]
[2026-04-30 23:28:03,945: INFO: common: yaml files: config/config.yaml loadded successfully]
[2026-04-30 23:28:03,945: INFO: common: yaml files: params.yaml loadded successfully]
[2026-04-30 23:28:03,946: INFO: common: yaml files: schema.yaml loadded successfully]
[2026-04-30 23:28:03,946: INFO: common: created directory at: artifacts]
[2026-04-30 23:28:03,946: INFO: common: created directory at: artifacts/data_ingestion]
[2026-04-30 23:28:03,946: INFO: data_ingestion: File already exists]
[2026-04-30 23:28:03,947: INFO: main: >>>>>> stage  Data Ingestion Stage completed <<<<<<

x============x]
[2026-04-30 23:28:03,947: INFO: main: >>>>>>> Stage  Data Validation Stage  started <<<<<<<< ]
[2026-04-30 23:28:03,947: INFO: common: yaml files: config/config.yaml loadded successfully]
[2026-04-30 23:28:03,948: INFO: common: yaml files: params.yaml loadded successfully]
[2026-04-30 23:28:03,948: INFO: common: yaml files: schema.yaml loadded successfully]
[2026-04-30 23:28:03,948: INFO: common: created directory at: artifacts]
[2026-04-30 23:28:03,948: INFO: common: created directory at: artifacts/data_validation]
[2026-04-30 23:28:03,951: INFO: main: >>>>>>> stage  Data Validation Stage  completed <<<<<<<<<<

x=====================x]
[2026-04-30 23:28:03,951: INFO: main: >>>>>>>>>>>  Stage Data Transformation Stage  started <<<<<<<<<<<<]
[2026-04-30 23:28:03,951: INFO: common: yaml files: config/config.yaml loadded successfully]
[2026-04-30 23:28:03,952: INFO: common: yaml files: params.yaml loadded successfully]
[2026-04-30 23:28:03,952: INFO: common: yaml files: schema.yaml loadded successfully]
[2026-04-30 23:28:03,952: INFO: common: created directory at: artifacts]
[2026-04-30 23:28:03,952: INFO: common: created directory at: artifacts/data_transformation]
[2026-04-30 23:28:03,961: INFO: data_transformation: Splited data into tracking and test sets]
[2026-04-30 23:28:03,961: INFO: data_transformation: (1199, 12)]
[2026-04-30 23:28:03,961: INFO: data_transformation: (400, 12)]
[2026-04-30 23:28:03,961: INFO: main: >>>>>>>>> Stage Data Transformation Stage  completed <<<<<<<<<<<<<<<

x===============x]
[2026-04-30 23:28:03,962: INFO: main: >>>>>>>>>>>> Stage Model Trainer Stage  started <<<<<<<<<<<<]
[2026-04-30 23:28:03,962: INFO: common: yaml files: config/config.yaml loadded successfully]
[2026-04-30 23:28:03,963: INFO: common: yaml files: params.yaml loadded successfully]
[2026-04-30 23:28:03,963: INFO: common: yaml files: schema.yaml loadded successfully]
[2026-04-30 23:28:03,963: INFO: common: created directory at: artifacts]
[2026-04-30 23:28:03,963: INFO: common: created directory at: artifacts/model_trainer]
[2026-04-30 23:28:03,967: INFO: main: >>>>>>>>>>>>> Stage Model Trainer Stage  completed <<<<<<<<<<<<<<<<<<<<

x================x]
[2026-04-30 23:28:03,967: INFO: main: >>>>>>>>>>>> Stage Model Evaluation Stage  started <<<<<<<<<<<<<]
[2026-04-30 23:28:03,968: INFO: common: yaml files: config/config.yaml loadded successfully]
[2026-04-30 23:28:03,968: INFO: common: yaml files: params.yaml loadded successfully]
[2026-04-30 23:28:03,969: INFO: common: yaml files: schema.yaml loadded successfully]
[2026-04-30 23:28:03,969: INFO: common: created directory at: artifacts]
[2026-04-30 23:28:03,969: INFO: common: created directory at: artifacts/model_evalution]
[2026-04-30 23:30:26,464: INFO: common: yaml files: config/config.yaml loadded successfully]
[2026-04-30 23:30:26,467: INFO: common: yaml files: params.yaml loadded successfully]
[2026-04-30 23:30:26,469: INFO: common: yaml files: schema.yaml loadded successfully]
[2026-04-30 23:30:26,471: INFO: common: created directory at: artifacts]
[2026-04-30 23:30:26,472: INFO: common: created directory at: artifacts/model_evalution]
[2026-04-30 23:30:29,489: INFO: common: json file is saved at: artifacts/model_evalution/metrics.json]
[2026-04-30 23:32:09,412: INFO: main: Welcome to our custom logging data science ]
[2026-04-30 23:32:09,412: INFO: main: >>>>>> stage  Data Ingestion Stage started <<<<<<]
[2026-04-30 23:32:09,413: INFO: common: yaml files: config/config.yaml loadded successfully]
[2026-04-30 23:32:09,414: INFO: common: yaml files: params.yaml loadded successfully]
[2026-04-30 23:32:09,414: INFO: common: yaml files: schema.yaml loadded successfully]
[2026-04-30 23:32:09,414: INFO: common: created directory at: artifacts]
[2026-04-30 23:32:09,414: INFO: common: created directory at: artifacts/data_ingestion]
[2026-04-30 23:32:09,414: INFO: data_ingestion: File already exists]
[2026-04-30 23:32:09,415: INFO: main: >>>>>> stage  Data Ingestion Stage completed <<<<<<

x============x]
[2026-04-30 23:32:09,415: INFO: main: >>>>>>> Stage  Data Validation Stage  started <<<<<<<< ]
[2026-04-30 23:32:09,416: INFO: common: yaml files: config/config.yaml loadded successfully]
[2026-04-30 23:32:09,416: INFO: common: yaml files: params.yaml loadded successfully]
[2026-04-30 23:32:09,417: INFO: common: yaml files: schema.yaml loadded successfully]
[2026-04-30 23:32:09,417: INFO: common: created directory at: artifacts]
[2026-04-30 23:32:09,417: INFO: common: created directory at: artifacts/data_validation]
[2026-04-30 23:32:09,420: INFO: main: >>>>>>> stage  Data Validation Stage  completed <<<<<<<<<<

x=====================x]
[2026-04-30 23:32:09,420: INFO: main: >>>>>>>>>>>  Stage Data Transformation Stage  started <<<<<<<<<<<<]
[2026-04-30 23:32:09,421: INFO: common: yaml files: config/config.yaml loadded successfully]
[2026-04-30 23:32:09,421: INFO: common: yaml files: params.yaml loadded successfully]
[2026-04-30 23:32:09,421: INFO: common: yaml files: schema.yaml loadded successfully]
[2026-04-30 23:32:09,421: INFO: common: created directory at: artifacts]
[2026-04-30 23:32:09,422: INFO: common: created directory at: artifacts/data_transformation]
[2026-04-30 23:32:09,431: INFO: data_transformation: Splited data into tracking and test sets]
[2026-04-30 23:32:09,431: INFO: data_transformation: (1199, 12)]
[2026-04-30 23:32:09,431: INFO: data_transformation: (400, 12)]
[2026-04-30 23:32:09,431: INFO: main: >>>>>>>>> Stage Data Transformation Stage  completed <<<<<<<<<<<<<<<

x===============x]
[2026-04-30 23:32:09,431: INFO: main: >>>>>>>>>>>> Stage Model Trainer Stage  started <<<<<<<<<<<<]
[2026-04-30 23:32:09,432: INFO: common: yaml files: config/config.yaml loadded successfully]
[2026-04-30 23:32:09,432: INFO: common: yaml files: params.yaml loadded successfully]
[2026-04-30 23:32:09,433: INFO: common: yaml files: schema.yaml loadded successfully]
[2026-04-30 23:32:09,433: INFO: common: created directory at: artifacts]
[2026-04-30 23:32:09,433: INFO: common: created directory at: artifacts/model_trainer]
[2026-04-30 23:32:09,438: INFO: main: >>>>>>>>>>>>> Stage Model Trainer Stage  completed <<<<<<<<<<<<<<<<<<<<

x================x]
[2026-04-30 23:32:09,438: INFO: main: >>>>>>>>>>>> Stage Model Evaluation Stage  started <<<<<<<<<<<<<]
[2026-04-30 23:32:09,439: INFO: common: yaml files: config/config.yaml loadded successfully]
[2026-04-30 23:32:09,439: INFO: common: yaml files: params.yaml loadded successfully]
[2026-04-30 23:32:09,439: INFO: common: yaml files: schema.yaml loadded successfully]
[2026-04-30 23:32:09,439: INFO: common: created directory at: artifacts]
[2026-04-30 23:32:09,440: INFO: common: created directory at: artifacts/model_evalution]
[2026-04-30 23:34:29,444: INFO: main: Welcome to our custom logging data science ]
[2026-04-30 23:34:29,444: INFO: main: >>>>>> stage  Data Ingestion Stage started <<<<<<]
[2026-04-30 23:34:29,445: INFO: common: yaml files: config/config.yaml loadded successfully]
[2026-04-30 23:34:29,446: INFO: common: yaml files: params.yaml loadded successfully]
[2026-04-30 23:34:29,446: INFO: common: yaml files: schema.yaml loadded successfully]
[2026-04-30 23:34:29,446: INFO: common: created directory at: artifacts]
[2026-04-30 23:34:29,446: INFO: common: created directory at: artifacts/data_ingestion]
[2026-04-30 23:34:29,446: INFO: data_ingestion: File already exists]
[2026-04-30 23:34:29,447: INFO: main: >>>>>> stage  Data Ingestion Stage completed <<<<<<

x============x]
[2026-04-30 23:34:29,447: INFO: main: >>>>>>> Stage  Data Validation Stage  started <<<<<<<< ]
[2026-04-30 23:34:29,448: INFO: common: yaml files: config/config.yaml loadded successfully]
[2026-04-30 23:34:29,448: INFO: common: yaml files: params.yaml loadded successfully]
[2026-04-30 23:34:29,449: INFO: common: yaml files: schema.yaml loadded successfully]
[2026-04-30 23:34:29,449: INFO: common: created directory at: artifacts]
[2026-04-30 23:34:29,449: INFO: common: created directory at: artifacts/data_validation]
[2026-04-30 23:34:29,452: INFO: main: >>>>>>> stage  Data Validation Stage  completed <<<<<<<<<<

x=====================x]
[2026-04-30 23:34:29,452: INFO: main: >>>>>>>>>>>  Stage Data Transformation Stage  started <<<<<<<<<<<<]
[2026-04-30 23:34:29,453: INFO: common: yaml files: config/config.yaml loadded successfully]
[2026-04-30 23:34:29,453: INFO: common: yaml files: params.yaml loadded successfully]
[2026-04-30 23:34:29,453: INFO: common: yaml files: schema.yaml loadded successfully]
[2026-04-30 23:34:29,454: INFO: common: created directory at: artifacts]
[2026-04-30 23:34:29,454: INFO: common: created directory at: artifacts/data_transformation]
[2026-04-30 23:34:29,463: INFO: data_transformation: Splited data into tracking and test sets]
[2026-04-30 23:34:29,463: INFO: data_transformation: (1199, 12)]
[2026-04-30 23:34:29,463: INFO: data_transformation: (400, 12)]
[2026-04-30 23:34:29,464: INFO: main: >>>>>>>>> Stage Data Transformation Stage  completed <<<<<<<<<<<<<<<

x===============x]
[2026-04-30 23:34:29,464: INFO: main: >>>>>>>>>>>> Stage Model Trainer Stage  started <<<<<<<<<<<<]
[2026-04-30 23:34:29,464: INFO: common: yaml files: config/config.yaml loadded successfully]
[2026-04-30 23:34:29,465: INFO: common: yaml files: params.yaml loadded successfully]
[2026-04-30 23:34:29,465: INFO: common: yaml files: schema.yaml loadded successfully]
[2026-04-30 23:34:29,465: INFO: common: created directory at: artifacts]
[2026-04-30 23:34:29,465: INFO: common: created directory at: artifacts/model_trainer]
[2026-04-30 23:34:29,470: INFO: main: >>>>>>>>>>>>> Stage Model Trainer Stage  completed <<<<<<<<<<<<<<<<<<<<

x================x]
[2026-04-30 23:34:29,470: INFO: main: >>>>>>>>>>>> Stage Model Evaluation Stage  started <<<<<<<<<<<<<]
[2026-04-30 23:34:29,471: INFO: common: yaml files: config/config.yaml loadded successfully]
[2026-04-30 23:34:29,471: INFO: common: yaml files: params.yaml loadded successfully]
[2026-04-30 23:34:29,471: INFO: common: yaml files: schema.yaml loadded successfully]
[2026-04-30 23:34:29,471: INFO: common: created directory at: artifacts]
[2026-04-30 23:34:29,471: INFO: common: created directory at: artifacts/model_evalution]
[2026-04-30 23:40:17,790: INFO: main: Welcome to our custom logging data science ]
[2026-04-30 23:40:17,792: INFO: main: >>>>>> stage  Data Ingestion Stage started <<<<<<]
[2026-04-30 23:40:17,793: INFO: common: yaml files: config/config.yaml loadded successfully]
[2026-04-30 23:40:17,793: INFO: common: yaml files: params.yaml loadded successfully]
[2026-04-30 23:40:17,794: INFO: common: yaml files: schema.yaml loadded successfully]
[2026-04-30 23:40:17,794: INFO: common: created directory at: artifacts]
[2026-04-30 23:40:17,794: INFO: common: created directory at: artifacts/data_ingestion]
[2026-04-30 23:40:17,794: INFO: data_ingestion: File already exists]
[2026-04-30 23:40:17,795: INFO: main: >>>>>> stage  Data Ingestion Stage completed <<<<<<

x============x]
[2026-04-30 23:40:17,795: INFO: main: >>>>>>> Stage  Data Validation Stage  started <<<<<<<< ]
[2026-04-30 23:40:17,796: INFO: common: yaml files: config/config.yaml loadded successfully]
[2026-04-30 23:40:17,797: INFO: common: yaml files: params.yaml loadded successfully]
[2026-04-30 23:40:17,797: INFO: common: yaml files: schema.yaml loadded successfully]
[2026-04-30 23:40:17,797: INFO: common: created directory at: artifacts]
[2026-04-30 23:40:17,797: INFO: common: created directory at: artifacts/data_validation]
[2026-04-30 23:40:17,800: INFO: main: >>>>>>> stage  Data Validation Stage  completed <<<<<<<<<<

x=====================x]
[2026-04-30 23:40:17,800: INFO: main: >>>>>>>>>>>  Stage Data Transformation Stage  started <<<<<<<<<<<<]
[2026-04-30 23:40:17,802: INFO: common: yaml files: config/config.yaml loadded successfully]
[2026-04-30 23:40:17,802: INFO: common: yaml files: params.yaml loadded successfully]
[2026-04-30 23:40:17,802: INFO: common: yaml files: schema.yaml loadded successfully]
[2026-04-30 23:40:17,803: INFO: common: created directory at: artifacts]
[2026-04-30 23:40:17,803: INFO: common: created directory at: artifacts/data_transformation]
[2026-04-30 23:40:17,815: INFO: data_transformation: Splited data into tracking and test sets]
[2026-04-30 23:40:17,816: INFO: data_transformation: (1199, 12)]
[2026-04-30 23:40:17,816: INFO: data_transformation: (400, 12)]
[2026-04-30 23:40:17,816: INFO: main: >>>>>>>>> Stage Data Transformation Stage  completed <<<<<<<<<<<<<<<

x===============x]
[2026-04-30 23:40:17,816: INFO: main: >>>>>>>>>>>> Stage Model Trainer Stage  started <<<<<<<<<<<<]
[2026-04-30 23:40:17,817: INFO: common: yaml files: config/config.yaml loadded successfully]
[2026-04-30 23:40:17,817: INFO: common: yaml files: params.yaml loadded successfully]
[2026-04-30 23:40:17,818: INFO: common: yaml files: schema.yaml loadded successfully]
[2026-04-30 23:40:17,818: INFO: common: created directory at: artifacts]
[2026-04-30 23:40:17,818: INFO: common: created directory at: artifacts/model_trainer]
[2026-04-30 23:40:17,824: INFO: main: >>>>>>>>>>>>> Stage Model Trainer Stage  completed <<<<<<<<<<<<<<<<<<<<

x================x]
[2026-04-30 23:40:17,824: INFO: main: >>>>>>>>>>>> Stage Model Evaluation Stage  started <<<<<<<<<<<<<]
[2026-04-30 23:40:17,825: INFO: common: yaml files: config/config.yaml loadded successfully]
[2026-04-30 23:40:17,826: INFO: common: yaml files: params.yaml loadded successfully]
[2026-04-30 23:40:17,827: INFO: common: yaml files: schema.yaml loadded successfully]
[2026-04-30 23:40:17,827: INFO: common: created directory at: artifacts]
[2026-04-30 23:40:17,827: INFO: common: created directory at: artifacts/model_evalution]
[2026-04-30 23:43:29,111: INFO: main: Welcome to our custom logging data science ]
[2026-04-30 23:43:29,111: INFO: main: >>>>>> stage  Data Ingestion Stage started <<<<<<]
[2026-04-30 23:43:29,112: INFO: common: yaml files: config/config.yaml loadded successfully]
[2026-04-30 23:43:29,113: INFO: common: yaml files: params.yaml loadded successfully]
[2026-04-30 23:43:29,113: INFO: common: yaml files: schema.yaml loadded successfully]
[2026-04-30 23:43:29,114: INFO: common: created directory at: artifacts]
[2026-04-30 23:43:29,114: INFO: common: created directory at: artifacts/data_ingestion]
[2026-04-30 23:43:29,114: INFO: data_ingestion: File already exists]
[2026-04-30 23:43:29,114: INFO: main: >>>>>> stage  Data Ingestion Stage completed <<<<<<

x============x]
[2026-04-30 23:43:29,115: INFO: main: >>>>>>> Stage  Data Validation Stage  started <<<<<<<< ]
[2026-04-30 23:43:29,116: INFO: common: yaml files: config/config.yaml loadded successfully]
[2026-04-30 23:43:29,116: INFO: common: yaml files: params.yaml loadded successfully]
[2026-04-30 23:43:29,116: INFO: common: yaml files: schema.yaml loadded successfully]
[2026-04-30 23:43:29,116: INFO: common: created directory at: artifacts]
[2026-04-30 23:43:29,117: INFO: common: created directory at: artifacts/data_validation]
[2026-04-30 23:43:29,119: INFO: main: >>>>>>> stage  Data Validation Stage  completed <<<<<<<<<<

x=====================x]
[2026-04-30 23:43:29,119: INFO: main: >>>>>>>>>>>  Stage Data Transformation Stage  started <<<<<<<<<<<<]
[2026-04-30 23:43:29,120: INFO: common: yaml files: config/config.yaml loadded successfully]
[2026-04-30 23:43:29,121: INFO: common: yaml files: params.yaml loadded successfully]
[2026-04-30 23:43:29,121: INFO: common: yaml files: schema.yaml loadded successfully]
[2026-04-30 23:43:29,121: INFO: common: created directory at: artifacts]
[2026-04-30 23:43:29,121: INFO: common: created directory at: artifacts/data_transformation]
[2026-04-30 23:43:29,132: INFO: data_transformation: Splited data into tracking and test sets]
[2026-04-30 23:43:29,132: INFO: data_transformation: (1199, 12)]
[2026-04-30 23:43:29,132: INFO: data_transformation: (400, 12)]
[2026-04-30 23:43:29,133: INFO: main: >>>>>>>>> Stage Data Transformation Stage  completed <<<<<<<<<<<<<<<

x===============x]
[2026-04-30 23:43:29,133: INFO: main: >>>>>>>>>>>> Stage Model Trainer Stage  started <<<<<<<<<<<<]
[2026-04-30 23:43:29,134: INFO: common: yaml files: config/config.yaml loadded successfully]
[2026-04-30 23:43:29,134: INFO: common: yaml files: params.yaml loadded successfully]
[2026-04-30 23:43:29,134: INFO: common: yaml files: schema.yaml loadded successfully]
[2026-04-30 23:43:29,134: INFO: common: created directory at: artifacts]
[2026-04-30 23:43:29,135: INFO: common: created directory at: artifacts/model_trainer]
[2026-04-30 23:43:29,139: INFO: main: >>>>>>>>>>>>> Stage Model Trainer Stage  completed <<<<<<<<<<<<<<<<<<<<

x================x]
[2026-04-30 23:43:29,139: INFO: main: >>>>>>>>>>>> Stage Model Evaluation Stage  started <<<<<<<<<<<<<]
[2026-04-30 23:43:29,140: INFO: common: yaml files: config/config.yaml loadded successfully]
[2026-04-30 23:43:29,141: INFO: common: yaml files: params.yaml loadded successfully]
[2026-04-30 23:43:29,141: INFO: common: yaml files: schema.yaml loadded successfully]
[2026-04-30 23:43:29,141: INFO: common: created directory at: artifacts]
[2026-04-30 23:43:29,141: INFO: common: created directory at: artifacts/model_evalution]
[2026-04-30 23:44:01,657: INFO: main: Welcome to our custom logging data science ]
[2026-04-30 23:44:01,658: INFO: main: >>>>>> stage  Data Ingestion Stage started <<<<<<]
[2026-04-30 23:44:01,659: INFO: common: yaml files: config/config.yaml loadded successfully]
[2026-04-30 23:44:01,659: INFO: common: yaml files: params.yaml loadded successfully]
[2026-04-30 23:44:01,660: INFO: common: yaml files: schema.yaml loadded successfully]
[2026-04-30 23:44:01,660: INFO: common: created directory at: artifacts]
[2026-04-30 23:44:01,661: INFO: common: created directory at: artifacts/data_ingestion]
[2026-04-30 23:44:01,661: INFO: data_ingestion: File already exists]
[2026-04-30 23:44:01,662: INFO: main: >>>>>> stage  Data Ingestion Stage completed <<<<<<

x============x]
[2026-04-30 23:44:01,662: INFO: main: >>>>>>> Stage  Data Validation Stage  started <<<<<<<< ]
[2026-04-30 23:44:01,663: INFO: common: yaml files: config/config.yaml loadded successfully]
[2026-04-30 23:44:01,664: INFO: common: yaml files: params.yaml loadded successfully]
[2026-04-30 23:44:01,664: INFO: common: yaml files: schema.yaml loadded successfully]
[2026-04-30 23:44:01,664: INFO: common: created directory at: artifacts]
[2026-04-30 23:44:01,664: INFO: common: created directory at: artifacts/data_validation]
[2026-04-30 23:44:01,668: INFO: main: >>>>>>> stage  Data Validation Stage  completed <<<<<<<<<<

x=====================x]
[2026-04-30 23:44:01,668: INFO: main: >>>>>>>>>>>  Stage Data Transformation Stage  started <<<<<<<<<<<<]
[2026-04-30 23:44:01,669: INFO: common: yaml files: config/config.yaml loadded successfully]
[2026-04-30 23:44:01,670: INFO: common: yaml files: params.yaml loadded successfully]
[2026-04-30 23:44:01,671: INFO: common: yaml files: schema.yaml loadded successfully]
[2026-04-30 23:44:01,671: INFO: common: created directory at: artifacts]
[2026-04-30 23:44:01,671: INFO: common: created directory at: artifacts/data_transformation]
[2026-04-30 23:44:01,685: INFO: data_transformation: Splited data into tracking and test sets]
[2026-04-30 23:44:01,685: INFO: data_transformation: (1199, 12)]
[2026-04-30 23:44:01,685: INFO: data_transformation: (400, 12)]
[2026-04-30 23:44:01,685: INFO: main: >>>>>>>>> Stage Data Transformation Stage  completed <<<<<<<<<<<<<<<

x===============x]
[2026-04-30 23:44:01,685: INFO: main: >>>>>>>>>>>> Stage Model Trainer Stage  started <<<<<<<<<<<<]
[2026-04-30 23:44:01,687: INFO: common: yaml files: config/config.yaml loadded successfully]
[2026-04-30 23:44:01,687: INFO: common: yaml files: params.yaml loadded successfully]
[2026-04-30 23:44:01,688: INFO: common: yaml files: schema.yaml loadded successfully]
[2026-04-30 23:44:01,688: INFO: common: created directory at: artifacts]
[2026-04-30 23:44:01,688: INFO: common: created directory at: artifacts/model_trainer]
[2026-04-30 23:44:01,694: INFO: main: >>>>>>>>>>>>> Stage Model Trainer Stage  completed <<<<<<<<<<<<<<<<<<<<

x================x]
[2026-04-30 23:44:01,694: INFO: main: >>>>>>>>>>>> Stage Model Evaluation Stage  started <<<<<<<<<<<<<]
[2026-04-30 23:44:01,695: INFO: common: yaml files: config/config.yaml loadded successfully]
[2026-04-30 23:44:01,696: INFO: common: yaml files: params.yaml loadded successfully]
[2026-04-30 23:44:01,696: INFO: common: yaml files: schema.yaml loadded successfully]
[2026-04-30 23:44:01,697: INFO: common: created directory at: artifacts]
[2026-04-30 23:44:01,697: INFO: common: created directory at: artifacts/model_evalution]
[2026-04-30 23:48:18,294: INFO: main: Welcome to our custom logging data science ]
[2026-04-30 23:48:18,294: INFO: main: >>>>>> stage  Data Ingestion Stage started <<<<<<]
[2026-04-30 23:48:18,296: INFO: common: yaml files: config/config.yaml loadded successfully]
[2026-04-30 23:48:18,296: INFO: common: yaml files: params.yaml loadded successfully]
[2026-04-30 23:48:18,297: INFO: common: yaml files: schema.yaml loadded successfully]
[2026-04-30 23:48:18,297: INFO: common: created directory at: artifacts]
[2026-04-30 23:48:18,297: INFO: common: created directory at: artifacts/data_ingestion]
[2026-04-30 23:48:18,297: INFO: data_ingestion: File already exists]
[2026-04-30 23:48:18,298: INFO: main: >>>>>> stage  Data Ingestion Stage completed <<<<<<

x============x]
[2026-04-30 23:48:18,298: INFO: main: >>>>>>> Stage  Data Validation Stage  started <<<<<<<< ]
[2026-04-30 23:48:18,299: INFO: common: yaml files: config/config.yaml loadded successfully]
[2026-04-30 23:48:18,299: INFO: common: yaml files: params.yaml loadded successfully]
[2026-04-30 23:48:18,300: INFO: common: yaml files: schema.yaml loadded successfully]
[2026-04-30 23:48:18,300: INFO: common: created directory at: artifacts]
[2026-04-30 23:48:18,300: INFO: common: created directory at: artifacts/data_validation]
[2026-04-30 23:48:18,304: INFO: main: >>>>>>> stage  Data Validation Stage  completed <<<<<<<<<<

x=====================x]
[2026-04-30 23:48:18,304: INFO: main: >>>>>>>>>>>  Stage Data Transformation Stage  started <<<<<<<<<<<<]
[2026-04-30 23:48:18,305: INFO: common: yaml files: config/config.yaml loadded successfully]
[2026-04-30 23:48:18,305: INFO: common: yaml files: params.yaml loadded successfully]
[2026-04-30 23:48:18,306: INFO: common: yaml files: schema.yaml loadded successfully]
[2026-04-30 23:48:18,306: INFO: common: created directory at: artifacts]
[2026-04-30 23:48:18,306: INFO: common: created directory at: artifacts/data_transformation]
[2026-04-30 23:48:18,319: INFO: data_transformation: Splited data into tracking and test sets]
[2026-04-30 23:48:18,319: INFO: data_transformation: (1199, 12)]
[2026-04-30 23:48:18,319: INFO: data_transformation: (400, 12)]
[2026-04-30 23:48:18,319: INFO: main: >>>>>>>>> Stage Data Transformation Stage  completed <<<<<<<<<<<<<<<

x===============x]
[2026-04-30 23:48:18,319: INFO: main: >>>>>>>>>>>> Stage Model Trainer Stage  started <<<<<<<<<<<<]
[2026-04-30 23:48:18,320: INFO: common: yaml files: config/config.yaml loadded successfully]
[2026-04-30 23:48:18,320: INFO: common: yaml files: params.yaml loadded successfully]
[2026-04-30 23:48:18,321: INFO: common: yaml files: schema.yaml loadded successfully]
[2026-04-30 23:48:18,321: INFO: common: created directory at: artifacts]
[2026-04-30 23:48:18,321: INFO: common: created directory at: artifacts/model_trainer]
[2026-04-30 23:48:18,327: INFO: main: >>>>>>>>>>>>> Stage Model Trainer Stage  completed <<<<<<<<<<<<<<<<<<<<

x================x]
[2026-04-30 23:48:18,327: INFO: main: >>>>>>>>>>>> Stage Model Evaluation Stage  started <<<<<<<<<<<<<]
[2026-04-30 23:48:18,328: INFO: common: yaml files: config/config.yaml loadded successfully]
[2026-04-30 23:48:18,328: INFO: common: yaml files: params.yaml loadded successfully]
[2026-04-30 23:48:18,329: INFO: common: yaml files: schema.yaml loadded successfully]
[2026-04-30 23:48:18,329: INFO: common: created directory at: artifacts]
[2026-04-30 23:48:18,329: INFO: common: created directory at: artifacts/model_evalution]
[2026-04-30 23:48:19,850: INFO: common: json file is saved at: artifacts/model_evalution/metrics.json]
[2026-04-30 23:48:35,553: INFO: main: >>>>>>>>>>>>>>>>>>> Stage Model Evaluation Stage  completed <<<<<<<<<<<<< 

x================x]
[2026-04-30 23:54:05,491: INFO: main: Welcome to our custom logging data science ]
[2026-04-30 23:54:05,491: INFO: main: >>>>>> stage  Data Ingestion Stage started <<<<<<]
[2026-04-30 23:54:05,492: INFO: common: yaml files: config/config.yaml loadded successfully]
[2026-04-30 23:54:05,492: INFO: common: yaml files: params.yaml loadded successfully]
[2026-04-30 23:54:05,493: INFO: common: yaml files: schema.yaml loadded successfully]
[2026-04-30 23:54:05,493: INFO: common: created directory at: artifacts]
[2026-04-30 23:54:05,493: INFO: common: created directory at: artifacts/data_ingestion]
[2026-04-30 23:54:05,493: INFO: data_ingestion: File already exists]
[2026-04-30 23:54:05,494: INFO: main: >>>>>> stage  Data Ingestion Stage completed <<<<<<

x============x]
[2026-04-30 23:54:05,494: INFO: main: >>>>>>> Stage  Data Validation Stage  started <<<<<<<< ]
[2026-04-30 23:54:05,495: INFO: common: yaml files: config/config.yaml loadded successfully]
[2026-04-30 23:54:05,495: INFO: common: yaml files: params.yaml loadded successfully]
[2026-04-30 23:54:05,495: INFO: common: yaml files: schema.yaml loadded successfully]
[2026-04-30 23:54:05,496: INFO: common: created directory at: artifacts]
[2026-04-30 23:54:05,496: INFO: common: created directory at: artifacts/data_validation]
[2026-04-30 23:54:05,498: INFO: main: >>>>>>> stage  Data Validation Stage  completed <<<<<<<<<<

x=====================x]
[2026-04-30 23:54:05,498: INFO: main: >>>>>>>>>>>  Stage Data Transformation Stage  started <<<<<<<<<<<<]
[2026-04-30 23:54:05,499: INFO: common: yaml files: config/config.yaml loadded successfully]
[2026-04-30 23:54:05,499: INFO: common: yaml files: params.yaml loadded successfully]
[2026-04-30 23:54:05,500: INFO: common: yaml files: schema.yaml loadded successfully]
[2026-04-30 23:54:05,500: INFO: common: created directory at: artifacts]
[2026-04-30 23:54:05,500: INFO: common: created directory at: artifacts/data_transformation]
[2026-04-30 23:54:05,510: INFO: data_transformation: Splited data into tracking and test sets]
[2026-04-30 23:54:05,510: INFO: data_transformation: (1199, 12)]
[2026-04-30 23:54:05,510: INFO: data_transformation: (400, 12)]
[2026-04-30 23:54:05,510: INFO: main: >>>>>>>>> Stage Data Transformation Stage  completed <<<<<<<<<<<<<<<

x===============x]
[2026-04-30 23:54:05,510: INFO: main: >>>>>>>>>>>> Stage Model Trainer Stage  started <<<<<<<<<<<<]
[2026-04-30 23:54:05,511: INFO: common: yaml files: config/config.yaml loadded successfully]
[2026-04-30 23:54:05,511: INFO: common: yaml files: params.yaml loadded successfully]
[2026-04-30 23:54:05,511: INFO: common: yaml files: schema.yaml loadded successfully]
[2026-04-30 23:54:05,512: INFO: common: created directory at: artifacts]
[2026-04-30 23:54:05,512: INFO: common: created directory at: artifacts/model_trainer]
[2026-04-30 23:54:05,516: INFO: main: >>>>>>>>>>>>> Stage Model Trainer Stage  completed <<<<<<<<<<<<<<<<<<<<

x================x]
[2026-04-30 23:54:05,516: INFO: main: >>>>>>>>>>>> Stage Model Evaluation Stage  started <<<<<<<<<<<<<]
[2026-04-30 23:54:05,518: INFO: common: yaml files: config/config.yaml loadded successfully]
[2026-04-30 23:54:05,518: INFO: common: yaml files: params.yaml loadded successfully]
[2026-04-30 23:54:05,519: INFO: common: yaml files: schema.yaml loadded successfully]
[2026-04-30 23:54:05,519: INFO: common: created directory at: artifacts]
[2026-04-30 23:54:05,519: INFO: common: created directory at: artifacts/model_evalution]
[2026-04-30 23:55:28,106: INFO: main: Welcome to our custom logging data science ]
[2026-04-30 23:55:28,106: INFO: main: >>>>>> stage  Data Ingestion Stage started <<<<<<]
[2026-04-30 23:55:28,108: INFO: common: yaml files: config/config.yaml loadded successfully]
[2026-04-30 23:55:28,108: INFO: common: yaml files: params.yaml loadded successfully]
[2026-04-30 23:55:28,109: INFO: common: yaml files: schema.yaml loadded successfully]
[2026-04-30 23:55:28,109: INFO: common: created directory at: artifacts]
[2026-04-30 23:55:28,109: INFO: common: created directory at: artifacts/data_ingestion]
[2026-04-30 23:55:28,109: INFO: data_ingestion: File already exists]
[2026-04-30 23:55:28,110: INFO: main: >>>>>> stage  Data Ingestion Stage completed <<<<<<

x============x]
[2026-04-30 23:55:28,110: INFO: main: >>>>>>> Stage  Data Validation Stage  started <<<<<<<< ]
[2026-04-30 23:55:28,111: INFO: common: yaml files: config/config.yaml loadded successfully]
[2026-04-30 23:55:28,111: INFO: common: yaml files: params.yaml loadded successfully]
[2026-04-30 23:55:28,112: INFO: common: yaml files: schema.yaml loadded successfully]
[2026-04-30 23:55:28,112: INFO: common: created directory at: artifacts]
[2026-04-30 23:55:28,112: INFO: common: created directory at: artifacts/data_validation]
[2026-04-30 23:55:28,116: INFO: main: >>>>>>> stage  Data Validation Stage  completed <<<<<<<<<<

x=====================x]
[2026-04-30 23:55:28,116: INFO: main: >>>>>>>>>>>  Stage Data Transformation Stage  started <<<<<<<<<<<<]
[2026-04-30 23:55:28,117: INFO: common: yaml files: config/config.yaml loadded successfully]
[2026-04-30 23:55:28,117: INFO: common: yaml files: params.yaml loadded successfully]
[2026-04-30 23:55:28,118: INFO: common: yaml files: schema.yaml loadded successfully]
[2026-04-30 23:55:28,118: INFO: common: created directory at: artifacts]
[2026-04-30 23:55:28,118: INFO: common: created directory at: artifacts/data_transformation]
[2026-04-30 23:55:28,132: INFO: data_transformation: Splited data into tracking and test sets]
[2026-04-30 23:55:28,132: INFO: data_transformation: (1199, 12)]
[2026-04-30 23:55:28,132: INFO: data_transformation: (400, 12)]
[2026-04-30 23:55:28,132: INFO: main: >>>>>>>>> Stage Data Transformation Stage  completed <<<<<<<<<<<<<<<

x===============x]
[2026-04-30 23:55:28,132: INFO: main: >>>>>>>>>>>> Stage Model Trainer Stage  started <<<<<<<<<<<<]
[2026-04-30 23:55:28,134: INFO: common: yaml files: config/config.yaml loadded successfully]
[2026-04-30 23:55:28,134: INFO: common: yaml files: params.yaml loadded successfully]
[2026-04-30 23:55:28,135: INFO: common: yaml files: schema.yaml loadded successfully]
[2026-04-30 23:55:28,135: INFO: common: created directory at: artifacts]
[2026-04-30 23:55:28,135: INFO: common: created directory at: artifacts/model_trainer]
[2026-04-30 23:55:28,141: INFO: main: >>>>>>>>>>>>> Stage Model Trainer Stage  completed <<<<<<<<<<<<<<<<<<<<

x================x]
[2026-04-30 23:55:28,141: INFO: main: >>>>>>>>>>>> Stage Model Evaluation Stage  started <<<<<<<<<<<<<]
[2026-04-30 23:55:28,142: INFO: common: yaml files: config/config.yaml loadded successfully]
[2026-04-30 23:55:28,143: INFO: common: yaml files: params.yaml loadded successfully]
[2026-04-30 23:55:28,143: INFO: common: yaml files: schema.yaml loadded successfully]
[2026-04-30 23:55:28,143: INFO: common: created directory at: artifacts]
[2026-04-30 23:55:28,144: INFO: common: created directory at: artifacts/model_evalution]
[2026-04-30 23:55:29,431: INFO: common: json file is saved at: artifacts/model_evalution/metrics.json]
[2026-04-30 23:55:45,202: INFO: main: >>>>>>>>>>>>>>>>>>> Stage Model Evaluation Stage  completed <<<<<<<<<<<<< 

x================x]
